// Vitest Snapshot v1, https://vitest.dev/guide/snapshot.html

exports[`manager_dashboard.v1 contract snapshot > matches the canonical payload shape and units 1`] = `
{
  "insights": [
    {
      "evidence": [
        {
          "actual": 0.166667,
          "comparator": "<=",
          "expected": 0.3,
          "metric": "dispute_rate_ratio",
        },
      ],
      "id": "dispute_rate",
      "label": "Dispute Rate",
      "message": "Dispute rate is within the expected threshold (30.0%).",
      "severity": "info",
      "unit": "ratio",
      "value": 0.166667,
    },
    {
      "id": "claims_confirmed",
      "label": "Claims Confirmed",
      "message": "5 claim(s) were confirmed.",
      "severity": "info",
      "unit": "count",
      "value": 5,
    },
    {
      "id": "claims_denied",
      "label": "Claims Denied",
      "message": "1 claim(s) were denied.",
      "severity": "warning",
      "unit": "count",
      "value": 1,
    },
    {
      "id": "claims_submitted",
      "label": "Claims Submitted",
      "message": "Players submitted 6 claim(s).",
      "severity": "info",
      "unit": "count",
      "value": 6,
    },
    {
      "id": "event_kill_claim",
      "label": "Kill Claim",
      "message": "Kill Claim occurred 6 times.",
      "severity": "info",
      "unit": "count",
      "value": 6,
    },
    {
      "id": "event_admin_confirm_kill_claim",
      "label": "Admin Confirm Kill Claim",
      "message": "Admin Confirm Kill Claim occurred 5 times.",
      "severity": "info",
      "unit": "count",
      "value": 5,
    },
    {
      "id": "event_admin_deny_kill_claim",
      "label": "Admin Deny Kill Claim",
      "message": "Admin Deny Kill Claim occurred 1 times.",
      "severity": "info",
      "unit": "count",
      "value": 1,
    },
  ],
  "overview": {
    "activePlayers": 2,
    "endedAt": "2026-03-20T23:06:00.000Z",
    "gameCode": "SNAP01",
    "gameName": "Snapshot Session",
    "lifecycleStatus": "completed",
    "metricSemantics": {
      "accuracy": {
        "basis": "confirmed_claims_over_submitted_claims",
        "unit": "ratio_0_to_1",
      },
      "deaths": {
        "modeBasis": "confirmed_claims_against_player",
        "unit": "count",
      },
      "disputeRate": {
        "basis": "denied_claims_over_submitted_claims",
        "unit": "ratio_0_to_1",
      },
      "kd": {
        "basis": "kills_over_deaths",
        "unit": "ratio",
      },
    },
    "mode": "classic",
    "startedAt": "2026-03-19T19:55:00.000Z",
    "totalEvents": 12,
    "totalPlayers": 2,
    "totalSessions": 1,
  },
  "playerPerformance": [
    {
      "accuracyRatio": 0.8,
      "claimsConfirmed": 4,
      "claimsDenied": 1,
      "claimsSubmitted": 5,
      "deaths": 1,
      "deathsBasis": "confirmed_claims_against_player",
      "displayName": "Alpha",
      "disputeRateRatio": 0.2,
      "kdRatio": 4,
      "kills": 4,
      "playerId": "p1",
      "sessionCount": 1,
    },
    {
      "accuracyRatio": 1,
      "claimsConfirmed": 1,
      "claimsDenied": 0,
      "claimsSubmitted": 1,
      "deaths": 4,
      "deathsBasis": "confirmed_claims_against_player",
      "displayName": "Bravo",
      "disputeRateRatio": 0,
      "kdRatio": 0.25,
      "kills": 1,
      "playerId": "p2",
      "sessionCount": 1,
    },
  ],
  "recommendations": [
    {
      "action": "Keep regular review cadence and monitor shifts in dispute rate, deaths, and accuracy over the next sessions.",
      "basedOn": [
        "stability",
      ],
      "category": "operations",
      "id": "maintain-rhythm",
      "priority": "low",
      "reason": "Current metrics do not show a single urgent risk signal.",
      "title": "Maintain current operating rhythm",
    },
  ],
  "schemaVersion": "manager_dashboard.v1",
  "sessionSummary": {
    "avgSessionDurationMs": 97860000,
    "coachingRisk": {
      "accuracyRatio": 1,
      "deaths": 4,
      "displayName": "Bravo",
      "kdRatio": 0.25,
      "kills": 1,
      "playerId": "p2",
    },
    "durationMs": 97860000,
    "endedAt": "2026-03-20T23:06:00.000Z",
    "lastSessionAt": "2026-03-20T23:06:00.000Z",
    "longestSessionDurationMs": 97860000,
    "startedAt": "2026-03-19T19:55:00.000Z",
    "teamComparison": [],
    "teamMode": false,
    "topPerformer": {
      "accuracyRatio": 0.8,
      "deaths": 1,
      "displayName": "Alpha",
      "kdRatio": 4,
      "kills": 4,
      "playerId": "p1",
    },
    "totalClaimsDenied": 1,
    "totalClaimsSubmitted": 6,
    "totalDeaths": 5,
    "totalKills": 5,
    "totalSessions": 1,
  },
  "timeline": [
    {
      "actorId": null,
      "actorName": null,
      "id": "e1",
      "label": "Game Started",
      "metadata": {
        "result": null,
        "targetId": null,
        "targetName": null,
      },
      "occurredAt": null,
      "type": "game_started",
    },
    {
      "actorId": null,
      "actorName": null,
      "id": "e2",
      "label": "Game Ended",
      "metadata": {
        "result": null,
        "targetId": null,
        "targetName": null,
      },
      "occurredAt": null,
      "type": "game_ended",
    },
  ],
  "updatedAt": "2026-03-20T23:07:00.000Z",
}
`;
